// Jest Snapshot v1, https://goo.gl/fbAQLP

exports[`<App /> matches snapshot 1`] = `
Array [
  <div
    className="title bottomMargin"
    data-testid="title-bar-div"
  >
    <h2
      className="title"
    >
      System Register
    </h2>
    <div
      className="auth"
    >
      <button
        className="login"
        href=""
        onClick={[Function]}
      >
        Login
      </button>
    </div>
  </div>,
  <div
    className="Menu"
  >
    <ul>
      <li>
        <a
          aria-current={null}
          href="/"
          onClick={[Function]}
        >
          System Register
        </a>
      </li>
      <li>
        <a
          aria-current="page"
          className="selected"
          href="/risk_dashboard"
          onClick={[Function]}
          style={Object {}}
        >
          Risk Dashboard
        </a>
      </li>
      <li>
        <a
          aria-current={null}
          href="/about"
          onClick={[Function]}
        >
          About
        </a>
      </li>
      <li>
        <a
          aria-current={null}
          href="/contact"
          onClick={[Function]}
        >
          Contact
        </a>
      </li>
    </ul>
  </div>,
  <div
    className="portfolioHeatmapContainer"
  >
    <div
      className="centerContent"
    >
      <h2>
        Aggregated risk by portfolio
      </h2>
      <p>
        The following visulisation shows an aggregated view of risk across each portfolio. Risk is broken down by different "lenses" such as roadmap, technology or commercial. Each system is individualy scored against each of these lenses, and the scores of all systems within a portfolio are summed up to provide the overall scores visible below.
      </p>
      <p>
        These scores are normalised against the number of systems within the portfolio, so portfolios with many systems can be compared more easily against portfolios with fewer.
      </p>
    </div>
    <div
      className="visContainer"
    >
      <div
        className="leftVis"
      >
        <div
          className="systemsHeatmap"
        />
        <fieldset
          className="MuiFormControl-root"
        >
          <div
            className="MuiFormGroup-root MuiFormGroup-row"
            role="radiogroup"
          >
            <label
              aria-describedby={null}
              className="MuiFormControlLabel-root"
              data-testid="radioKnownRisk"
              onBlur={[Function]}
              onFocus={[Function]}
              onMouseLeave={[Function]}
              onMouseOver={[Function]}
              onTouchEnd={[Function]}
              onTouchStart={[Function]}
              title="Display the scores of all the systems that have been audited.
    Red = higher risk, green = lower risk."
            >
              <span
                aria-disabled={false}
                className="MuiButtonBase-root MuiIconButton-root PrivateSwitchBase-root-1 MuiRadio-root MuiRadio-colorSecondary PrivateSwitchBase-checked-2 Mui-checked MuiIconButton-colorSecondary"
                onBlur={[Function]}
                onDragLeave={[Function]}
                onFocus={[Function]}
                onKeyDown={[Function]}
                onKeyUp={[Function]}
                onMouseDown={[Function]}
                onMouseLeave={[Function]}
                onMouseUp={[Function]}
                onTouchEnd={[Function]}
                onTouchMove={[Function]}
                onTouchStart={[Function]}
                tabIndex={null}
              >
                <span
                  className="MuiIconButton-label"
                >
                  <input
                    checked={true}
                    className="PrivateSwitchBase-input-4"
                    disabled={false}
                    name="view"
                    onChange={[Function]}
                    type="radio"
                    value="knownRisk"
                  />
                  <div
                    className="PrivateRadioButtonIcon-root-5 PrivateRadioButtonIcon-checked-7"
                  >
                    <svg
                      aria-hidden={true}
                      className="MuiSvgIcon-root"
                      focusable="false"
                      viewBox="0 0 24 24"
                    >
                      <path
                        d="M12 2C6.48 2 2 6.48 2 12s4.48 10 10 10 10-4.48 10-10S17.52 2 12 2zm0 18c-4.42 0-8-3.58-8-8s3.58-8 8-8 8 3.58 8 8-3.58 8-8 8z"
                      />
                    </svg>
                    <svg
                      aria-hidden={true}
                      className="MuiSvgIcon-root PrivateRadioButtonIcon-layer-6"
                      focusable="false"
                      viewBox="0 0 24 24"
                    >
                      <path
                        d="M8.465 8.465C9.37 7.56 10.62 7 12 7C14.76 7 17 9.24 17 12C17 13.38 16.44 14.63 15.535 15.535C14.63 16.44 13.38 17 12 17C9.24 17 7 14.76 7 12C7 10.62 7.56 9.37 8.465 8.465Z"
                      />
                    </svg>
                  </div>
                </span>
                <span
                  className="MuiTouchRipple-root"
                />
              </span>
              <span
                className="MuiTypography-root MuiFormControlLabel-label MuiTypography-body1"
              >
                Known risk only
              </span>
            </label>
            <label
              aria-describedby={null}
              className="MuiFormControlLabel-root"
              data-testid="radioUnknownRisk"
              onBlur={[Function]}
              onFocus={[Function]}
              onMouseLeave={[Function]}
              onMouseOver={[Function]}
              onTouchEnd={[Function]}
              onTouchStart={[Function]}
              title="Display scores that treat unknown risk
    (including systems that have not been audited) as inherantly risky.
    Red = higher risk, green = lower risk."
            >
              <span
                aria-disabled={false}
                className="MuiButtonBase-root MuiIconButton-root PrivateSwitchBase-root-1 MuiRadio-root MuiRadio-colorSecondary MuiIconButton-colorSecondary"
                onBlur={[Function]}
                onDragLeave={[Function]}
                onFocus={[Function]}
                onKeyDown={[Function]}
                onKeyUp={[Function]}
                onMouseDown={[Function]}
                onMouseLeave={[Function]}
                onMouseUp={[Function]}
                onTouchEnd={[Function]}
                onTouchMove={[Function]}
                onTouchStart={[Function]}
                tabIndex={null}
              >
                <span
                  className="MuiIconButton-label"
                >
                  <input
                    checked={false}
                    className="PrivateSwitchBase-input-4"
                    disabled={false}
                    name="view"
                    onChange={[Function]}
                    type="radio"
                    value="includeUnknownRisk"
                  />
                  <div
                    className="PrivateRadioButtonIcon-root-5"
                  >
                    <svg
                      aria-hidden={true}
                      className="MuiSvgIcon-root"
                      focusable="false"
                      viewBox="0 0 24 24"
                    >
                      <path
                        d="M12 2C6.48 2 2 6.48 2 12s4.48 10 10 10 10-4.48 10-10S17.52 2 12 2zm0 18c-4.42 0-8-3.58-8-8s3.58-8 8-8 8 3.58 8 8-3.58 8-8 8z"
                      />
                    </svg>
                    <svg
                      aria-hidden={true}
                      className="MuiSvgIcon-root PrivateRadioButtonIcon-layer-6"
                      focusable="false"
                      viewBox="0 0 24 24"
                    >
                      <path
                        d="M8.465 8.465C9.37 7.56 10.62 7 12 7C14.76 7 17 9.24 17 12C17 13.38 16.44 14.63 15.535 15.535C14.63 16.44 13.38 17 12 17C9.24 17 7 14.76 7 12C7 10.62 7.56 9.37 8.465 8.465Z"
                      />
                    </svg>
                  </div>
                </span>
                <span
                  className="MuiTouchRipple-root"
                />
              </span>
              <span
                className="MuiTypography-root MuiFormControlLabel-label MuiTypography-body1"
              >
                Include unknown risk
              </span>
            </label>
            <label
              aria-describedby={null}
              className="MuiFormControlLabel-root"
              data-testid="radioCoverage"
              onBlur={[Function]}
              onFocus={[Function]}
              onMouseLeave={[Function]}
              onMouseOver={[Function]}
              onTouchEnd={[Function]}
              onTouchStart={[Function]}
              title="Display the proportion of known systems have been audited against each portfolio risk lense.
    Blue = more coverage, White = less coverage."
            >
              <span
                aria-disabled={false}
                className="MuiButtonBase-root MuiIconButton-root PrivateSwitchBase-root-1 MuiRadio-root MuiRadio-colorSecondary MuiIconButton-colorSecondary"
                onBlur={[Function]}
                onDragLeave={[Function]}
                onFocus={[Function]}
                onKeyDown={[Function]}
                onKeyUp={[Function]}
                onMouseDown={[Function]}
                onMouseLeave={[Function]}
                onMouseUp={[Function]}
                onTouchEnd={[Function]}
                onTouchMove={[Function]}
                onTouchStart={[Function]}
                tabIndex={null}
              >
                <span
                  className="MuiIconButton-label"
                >
                  <input
                    checked={false}
                    className="PrivateSwitchBase-input-4"
                    disabled={false}
                    name="view"
                    onChange={[Function]}
                    type="radio"
                    value="unknowns"
                  />
                  <div
                    className="PrivateRadioButtonIcon-root-5"
                  >
                    <svg
                      aria-hidden={true}
                      className="MuiSvgIcon-root"
                      focusable="false"
                      viewBox="0 0 24 24"
                    >
                      <path
                        d="M12 2C6.48 2 2 6.48 2 12s4.48 10 10 10 10-4.48 10-10S17.52 2 12 2zm0 18c-4.42 0-8-3.58-8-8s3.58-8 8-8 8 3.58 8 8-3.58 8-8 8z"
                      />
                    </svg>
                    <svg
                      aria-hidden={true}
                      className="MuiSvgIcon-root PrivateRadioButtonIcon-layer-6"
                      focusable="false"
                      viewBox="0 0 24 24"
                    >
                      <path
                        d="M8.465 8.465C9.37 7.56 10.62 7 12 7C14.76 7 17 9.24 17 12C17 13.38 16.44 14.63 15.535 15.535C14.63 16.44 13.38 17 12 17C9.24 17 7 14.76 7 12C7 10.62 7.56 9.37 8.465 8.465Z"
                      />
                    </svg>
                  </div>
                </span>
                <span
                  className="MuiTouchRipple-root"
                />
              </span>
              <span
                className="MuiTypography-root MuiFormControlLabel-label MuiTypography-body1"
              >
                Audit coverage
              </span>
            </label>
          </div>
        </fieldset>
        <div
          className="MuiPaper-root MuiPaper-elevation1 MuiPaper-rounded"
        >
          <svg
            height={200}
            id="summaryVis"
            width={580}
          />
        </div>
      </div>
      <div
        className="rightVis"
      >
        <h3>
          Combined
           risk to systems in 
          Home Office
           
          
        </h3>
        <div
          className="riskList"
        >
          <div
            className="MuiPaper-root MuiTableContainer-root makeStyles-container-10 MuiPaper-elevation1 MuiPaper-rounded"
          >
            <table
              aria-label="a dense table"
              className="MuiTable-root makeStyles-table-9 MuiTable-stickyHeader"
              role={null}
            >
              <thead
                className="MuiTableHead-root"
                role={null}
              >
                <tr
                  className="MuiTableRow-root MuiTableRow-head"
                  role={null}
                >
                  <th
                    aria-sort={null}
                    className="MuiTableCell-root MuiTableCell-head makeStyles-head-8 MuiTableCell-alignLeft MuiTableCell-sizeSmall MuiTableCell-stickyHeader"
                    scope="col"
                  >
                    <strong>
                      System
                    </strong>
                  </th>
                  <th
                    aria-sort={null}
                    className="MuiTableCell-root MuiTableCell-head makeStyles-head-8 MuiTableCell-alignLeft MuiTableCell-sizeSmall MuiTableCell-stickyHeader"
                    scope="col"
                  >
                    <strong>
                      Criticality
                    </strong>
                  </th>
                  <th
                    aria-sort={null}
                    className="MuiTableCell-root MuiTableCell-head makeStyles-head-8 MuiTableCell-alignCenter MuiTableCell-sizeSmall MuiTableCell-stickyHeader"
                    scope="col"
                  >
                    <strong>
                      Combined
                       Risk
                    </strong>
                  </th>
                </tr>
              </thead>
              <tbody
                className="MuiTableBody-root"
                role={null}
              >
                <tr
                  className="MuiTableRow-root"
                  role={null}
                >
                  <td
                    aria-sort={null}
                    className="MuiTableCell-root MuiTableCell-body MuiTableCell-alignLeft MuiTableCell-sizeSmall"
                    scope="row"
                  >
                    <a
                      href="/system/1"
                      onClick={[Function]}
                    >
                      System Register
                    </a>
                  </td>
                  <td
                    aria-sort={null}
                    className="MuiTableCell-root MuiTableCell-body MuiTableCell-alignLeft MuiTableCell-sizeSmall"
                  >
                    <span
                      className="badge criticalityLow"
                    >
                      
                      Low
                    </span>
                  </td>
                  <td
                    aria-sort={null}
                    className="MuiTableCell-root MuiTableCell-body lowRiskBackground MuiTableCell-alignLeft MuiTableCell-sizeSmall"
                    data-testid="risk_cell_System Register"
                  >
                    <strong
                      style={
                        Object {
                          "color": "white",
                        }
                      }
                    >
                      0
                    </strong>
                  </td>
                </tr>
              </tbody>
            </table>
          </div>
        </div>
      </div>
    </div>
  </div>,
]
`;
