// Jest Snapshot v1, https://goo.gl/fbAQLP

exports[`SystemList matches snapshot 1`] = `
<div
  className="centerContent"
>
  <h1>
    System search
  </h1>
  <div
    className="system-list-filter"
  >
    <label
      className="sc-dmlrTW kkJFxI"
      onChange={[Function]}
    >
      <span
        className="sc-idOhPF hakAYg"
      >
        <span
          className="system-list--visually-hidden"
        >
          Find a system on the System Register
        </span>
      </span>
      <input
        className="sc-hHftDr kvFlge"
        placeholder="Search..."
        type="text"
      />
    </label>
    <label
      className="sc-dmlrTW kkJFxI system-list-dropdown"
      name="portfolio-select"
      onChange={[Function]}
      value="all"
    >
      <span
        className="sc-idOhPF hakAYg"
      >
        Filter by Portfolio
      </span>
      <select
        className="sc-jXktwP kXcGdf"
      >
        <option
          value="all"
        >
          All Portfolios
        </option>
        <option
          value="Portfolio 1"
        >
          Portfolio 1
        </option>
        <option
          value="Portfolio 2"
        >
          Portfolio 2
        </option>
      </select>
    </label>
  </div>
  <div
    className="topMarginBig"
  >
    <strong>
      Number of systems identified: 
    </strong>
    3
  </div>
  <p>
    Can’t find your system? 
    <a
      aria-current={null}
      className="sc-gsTCUz eGDAMx  system-register-link"
      href="/add-system"
      onClick={[Function]}
    >
      Add a system
    </a>
  </p>
  <div
    className="topMarginBig"
  >
    <div
      className="systemCard"
    >
      <a
        aria-current={null}
        className="sc-gsTCUz eGDAMx systemCard-link system-register-link"
        href="/system/undefined"
        onClick={[Function]}
        style={
          Object {
            "color": "black",
          }
        }
      >
        <strong>
          System 1
        </strong>
        <small>
           (Portfolio: 
          Portfolio 1
          , 
          <span
            className="message"
            data-testid="modified-on"
          >
            Last modified: 
            <span>
              Never
            </span>
            
          </span>
          )
        </small>
        <div>
          <small>
            No Description
          </small>
        </div>
      </a>
    </div>
    <div
      className="systemCard"
    >
      <a
        aria-current={null}
        className="sc-gsTCUz eGDAMx systemCard-link system-register-link"
        href="/system/undefined"
        onClick={[Function]}
        style={
          Object {
            "color": "black",
          }
        }
      >
        <strong>
          System 3
        </strong>
        <small>
           (Portfolio: 
          Portfolio 2
          , 
          <span
            className="message"
            data-testid="modified-on"
          >
            Last modified: 
            <span>
              Never
            </span>
            
          </span>
          )
        </small>
        <div>
          <small>
            No Description
          </small>
        </div>
      </a>
    </div>
    <div
      className="systemCard"
    >
      <a
        aria-current={null}
        className="sc-gsTCUz eGDAMx systemCard-link system-register-link"
        href="/system/undefined"
        onClick={[Function]}
        style={
          Object {
            "color": "black",
          }
        }
      >
        <strong>
          System 2
        </strong>
        <small>
           (Portfolio: 
          Portfolio 2
          , 
          <span
            className="message"
            data-testid="modified-on"
          >
            Last modified: 
            <span>
              Never
            </span>
            
          </span>
          )
        </small>
        <div>
          <small>
            No Description
          </small>
        </div>
      </a>
    </div>
  </div>
</div>
`;
