// Jest Snapshot v1, https://goo.gl/fbAQLP

exports[`<Title /> matches snapshot 1`] = `
<div
  className="title-bar-root"
>
  <div
    className="sc-bdfBwQ iBYTrY top-nav"
    color="#ffffff"
    data-testid="title-bar-div"
  >
    <div
      className="sc-gsTCUz heEpZ"
    >
      <div
        className="sc-eCssSg hMcpmq"
      >
        <div
          className="sc-hKgILt klPTWy"
        >
          
        </div>
      </div>
      <div
        className="sc-jSgupP bPwDQU"
      >
        <div
          className="sc-bqyKva eoKSDV"
        >
          <div
            className="title-bar-title"
          >
            System Register
          </div>
        </div>
      </div>
    </div>
  </div>
  <div
    className="sc-dlfnbm ivQkZE"
  />
  <div
    className="title-bar-login"
  >
    <div
      className="auth"
    >
      <button
        className="sc-fodVxV feoVNG"
        disabled={false}
        onClick={[Function]}
      >
        Sign in
      </button>
    </div>
  </div>
</div>
`;
