// Jest Snapshot v1, https://goo.gl/fbAQLP

exports[`<Title /> matches snapshot 1`] = `
Array [
  <div
    className="sc-dlfnbm jyNBfj top-nav"
    color="#ffffff"
    data-testid="title-bar-div"
  >
    <div
      className="sc-hKgILt iKEylQ"
    >
      <div
        className="sc-gKsewC cYZWha"
      >
        <div
          className="sc-jSgupP iRfEVQ"
        >
          
        </div>
      </div>
      <div
        className="sc-iBPRYJ hGlLWh"
      >
        <div
          className="sc-hBEYos kJljoh"
        >
          <div
            className="title-bar-title"
          >
            System Register
          </div>
        </div>
      </div>
    </div>
  </div>,
  <div
    className="sc-eCssSg JwqYF"
  />,
  <div
    className="title-bar-login"
  >
    <div
      className="auth"
    >
      <button
        className="sc-bdfBwQ gTInJb"
        disabled={false}
        onClick={[Function]}
      >
        Sign in
      </button>
    </div>
  </div>,
]
`;
