// Jest Snapshot v1, https://goo.gl/fbAQLP

exports[`<Title /> matches snapshot 1`] = `
Array [
  <div
    className="sc-dlfnbm jyNBfj"
    color="#ffffff"
    data-testid="title-bar-div"
  >
    <div
      className="sc-hKgILt iKEylQ"
    >
      <div
        className="sc-gKsewC cYZWha"
      >
        <div
          className="sc-jSgupP iRfEVQ"
        >
          
        </div>
      </div>
      <div
        className="sc-iBPRYJ hGlLWh"
      >
        <div
          className="sc-hBEYos kJljoh"
        >
          <div
            className="title"
          >
            System Register
          </div>
        </div>
        <div
          className="sc-fodVxV IRIqZ"
        >
          <label
            className="sc-kEjbxe fqovvm"
            htmlFor="govuk-react-menu-button"
            onClick={[Function]}
          >
            <div
              className="sc-iqHYGH gMUmWh"
            >
              Menu
            </div>
            <div
              className="sc-crrsfI TjxmG"
              open={false}
            />
          </label>
        </div>
        <input
          checked={false}
          className="sc-fFubgz lovoAX"
          id="govuk-react-menu-button"
          type="checkbox"
        />
        <ul
          className="sc-pFZIQ fVOZJE"
          id="govuk-react-menu"
          open={false}
        >
          <li
            className="sc-jrAGrp YDjxx"
          >
            <div
              className="title-bar-login"
            >
              <div
                className="auth"
              >
                <button
                  className="sc-bdfBwQ gTInJb"
                  disabled={false}
                  onClick={[Function]}
                >
                  Sign in
                </button>
              </div>
            </div>
          </li>
        </ul>
      </div>
    </div>
  </div>,
  <div
    className="sc-eCssSg JwqYF"
  />,
]
`;
