// Jest Snapshot v1, https://goo.gl/fbAQLP

exports[`<Menu /> matches snapshot 1`] = `
<nav
  className="Menu"
>
  <ul
    className="centerContent"
  >
    <li>
      <a
        aria-current="page"
        className="selected"
        href="/"
        onClick={[Function]}
        style={Object {}}
      >
        System Register
      </a>
    </li>
    <li>
      <a
        aria-current={null}
        href="/risk_dashboard"
        onClick={[Function]}
      >
        Risk Dashboard
      </a>
    </li>
    <li>
      <a
        href="/api/systems"
      >
        API
      </a>
    </li>
    <li>
      <a
        aria-current={null}
        href="/about"
        onClick={[Function]}
      >
        About
      </a>
    </li>
    <li>
      <a
        aria-current={null}
        href="/contact"
        onClick={[Function]}
      >
        Contact
      </a>
    </li>
  </ul>
</nav>
`;
