// Jest Snapshot v1, https://goo.gl/fbAQLP

exports[`<SystemCard /> matches snapshot 1`] = `
<div
  className="systemCard"
>
  <a
    aria-current={null}
    className="sc-bdfBwQ gTeTd systemCard-link system-register-link"
    href="/system/undefined"
    onClick={[Function]}
    style={
      Object {
        "color": "black",
      }
    }
  >
    <strong>
      System X
    </strong>
    <small>
       (Portfolio: 
      Portfolio Y
      , 
      <span
        className="message"
        data-testid="modified-on"
      >
        Last modified: 
        13 February 2020
        
      </span>
      )
    </small>
    <div>
      <small>
        No Description
      </small>
    </div>
  </a>
</div>
`;
